#
# A fatal error has been detected by the Java Runtime Environment:
#
#  EXCEPTION_ACCESS_VIOLATION (0xc0000005) at pc=0x00007ff8a68cf5b2, pid=1772, tid=13984
#
# JRE version: OpenJDK Runtime Environment Temurin-21.0.8+9 (21.0.8+9) (build 21.0.8+9-LTS)
# Java VM: OpenJDK 64-Bit Server VM Temurin-21.0.8+9 (21.0.8+9-LTS, mixed mode, sharing, tiered, compressed oops, compressed class ptrs, parallel gc, windows-amd64)
# Problematic frame:
# V  [jvm.dll+0x24f5b2]
#
# No core dump will be written. Minidumps are not enabled by default on client versions of Windows
#
# If you would like to submit a bug report, please visit:
#   https://github.com/adoptium/adoptium-support/issues
#

---------------  S U M M A R Y ------------

Command Line: --add-modules=ALL-SYSTEM --add-opens=java.base/java.util=ALL-UNNAMED --add-opens=java.base/java.lang=ALL-UNNAMED --add-opens=java.base/sun.nio.fs=ALL-UNNAMED -Declipse.application=org.eclipse.jdt.ls.core.id1 -Dosgi.bundles.defaultStartLevel=4 -Declipse.product=org.eclipse.jdt.ls.core.product -Djava.import.generatesMetadataFilesAtProjectRoot=false -DDetectVMInstallationsJob.disabled=true -Dfile.encoding=utf8 -XX:+UseParallelGC -XX:GCTimeRatio=4 -XX:AdaptiveSizePolicyWeight=90 -Dsun.zip.disableMemoryMapping=true -Xmx2G -Xms100m -Xlog:disable -javaagent:c:\Users\yotermart\.vscode\extensions\redhat.java-1.47.0-win32-x64\lombok\lombok-1.18.39-4050.jar -XX:+HeapDumpOnOutOfMemoryError -XX:HeapDumpPath=c:\Users\yotermart\AppData\Roaming\Code\User\workspaceStorage\fcb7b5ef4996d1626c3ae4fb1ab5788a\redhat.java -Daether.dependencyCollector.impl=bf c:\Users\yotermart\.vscode\extensions\redhat.java-1.47.0-win32-x64\server\plugins\org.eclipse.equinox.launcher_1.7.100.v20251014-1222.jar -configuration c:\Users\yotermart\AppData\Roaming\Code\User\globalStorage\redhat.java\1.47.0\config_win -data c:\Users\yotermart\AppData\Roaming\Code\User\workspaceStorage\fcb7b5ef4996d1626c3ae4fb1ab5788a\redhat.java\jdt_ws --pipe=\\.\pipe\lsp-f3d3a39f36dff7fad483622a839cf8c5-sock

Host: Intel(R) Core(TM) i5-10500 CPU @ 3.10GHz, 12 cores, 15G,  Windows 11 , 64 bit Build 22621 (10.0.22621.4974)
Time: Thu Nov 13 08:37:11 2025 Hora estándar romance elapsed time: 21.159365 seconds (0d 0h 0m 21s)

---------------  T H R E A D  ---------------

Current thread (0x000001ce640dba70):  JavaThread "C2 CompilerThread1" daemon [_thread_in_native, id=13984, stack(0x0000009069300000,0x0000009069400000) (1024K)]


Current CompileTask:
C2:21159 10805       4       org.eclipse.jdt.internal.compiler.lookup.BinaryTypeBinding::createMethod (1666 bytes)

Stack: [0x0000009069300000,0x0000009069400000],  sp=0x00000090693fbea0,  free space=1007k
Native frames: (J=compiled Java code, j=interpreted, Vv=VM code, C=native code)
V  [jvm.dll+0x24f5b2]
V  [jvm.dll+0x24d9cd]
V  [jvm.dll+0x24b0fd]
V  [jvm.dll+0x2483a4]
V  [jvm.dll+0x1c89ee]
V  [jvm.dll+0x257d4d]
V  [jvm.dll+0x2562ea]
V  [jvm.dll+0x3f2d16]
V  [jvm.dll+0x857e6b]
V  [jvm.dll+0x6d0b0d]
C  [ucrtbase.dll+0x29333]
C  [KERNEL32.DLL+0x1259d]
C  [ntdll.dll+0x5af38]


siginfo: EXCEPTION_ACCESS_VIOLATION (0xc0000005), reading address 0x000001c6671ce188


Registers:
RAX=0x0000000000000004, RBX=0x000001ce63873c20, RCX=0x000001ce671ce120, RDX=0x000001c6671ce190
RSP=0x00000090693fbea0, RBP=0x00000090693fbf11, RSI=0x000001ce63876c90, RDI=0x000001ce671ce120
R8 =0x000001c6671ce170, R9 =0x000001ce72122db8, R10=0xfefefefefefefeff, R11=0x8080808080808080
R12=0x0000000000000031, R13=0x00000090693fc001, R14=0x00000090693fe201, R15=0x000000000000002b
RIP=0x00007ff8a68cf5b2, EFLAGS=0x0000000000010202

XMM[0]=0x000001ce719bd1e8 0x000001ce719bd938
XMM[1]=0x000001ce671cdc50 0x000001ce6415ad58
XMM[2]=0x000001ce6415cf40 0x000001ce671cdd20
XMM[3]=0x000001ce719c3db0 0x000001ce719c3d48
XMM[4]=0x000001ce719c3f50 0x000001ce719c3ee8
XMM[5]=0x000001ce635a2968 0x000001ce635a3c30
XMM[6]=0x0000000000000000 0x0000000000000000
XMM[7]=0x0000000000000000 0x0000000000000000
XMM[8]=0x0000000000000000 0x0000000000000000
XMM[9]=0x0000000000000000 0x0000000000000000
XMM[10]=0x0000000000000000 0x0000000000000000
XMM[11]=0x0000000000000000 0x0000000000000000
XMM[12]=0x0000000000000000 0x0000000000000000
XMM[13]=0x0000000000000000 0x0000000000000000
XMM[14]=0x0000000000000000 0x0000000000000000
XMM[15]=0x0000000000000000 0x0000000000000000
  MXCSR=0x00001fa0


Register to memory mapping:

RAX=0x0000000000000004 is an unknown value
RBX=0x000001ce63873c20 points into unknown readable memory: 0x00007ff8a70f8d88 | 88 8d 0f a7 f8 7f 00 00
RCX=0x000001ce671ce120 points into unknown readable memory: 0x00007ff8a7070200 | 00 02 07 a7 f8 7f 00 00
RDX=0x000001c6671ce190 is an unknown value
RSP=0x00000090693fbea0 is pointing into the stack for thread: 0x000001ce640dba70
RBP=0x00000090693fbf11 is pointing into the stack for thread: 0x000001ce640dba70
RSI=0x000001ce63876c90 points into unknown readable memory: 0x00007ff8a70813e8 | e8 13 08 a7 f8 7f 00 00
RDI=0x000001ce671ce120 points into unknown readable memory: 0x00007ff8a7070200 | 00 02 07 a7 f8 7f 00 00
R8 =0x000001c6671ce170 is an unknown value
R9 =0x000001ce72122db8 points into unknown readable memory: 0x000001ce671ce120 | 20 e1 1c 67 ce 01 00 00
R10=0xfefefefefefefeff is an unknown value
R11=0x8080808080808080 is an unknown value
R12=0x0000000000000031 is an unknown value
R13=0x00000090693fc001 is pointing into the stack for thread: 0x000001ce640dba70
R14=0x00000090693fe201 is pointing into the stack for thread: 0x000001ce640dba70
R15=0x000000000000002b is an unknown value

Top of Stack: (sp=0x00000090693fbea0)
0x00000090693fbea0:   000001ce6415acd0 00000090693fbf11
0x00000090693fbeb0:   000001ce6415e648 000001ce6415ad58
0x00000090693fbec0:   00000090693fbfa0 000001ce65189bb8
0x00000090693fbed0:   000001ce71133840 0000009000000200
0x00000090693fbee0:   000001ce72e76050 00007ff80000000a
0x00000090693fbef0:   0000009000000400 000001ce7190f180
0x00000090693fbf00:   000001ce00000400 000001ce71133840
0x00000090693fbf10:   0000000000000003 0000000000000020
0x00000090693fbf20:   0000000000007fd8 0000000000000070
0x00000090693fbf30:   0000000000000003 000001ce664718e0
0x00000090693fbf40:   00000090693fe2b0 0000000000000020
0x00000090693fbf50:   0000000000000000 0000000000012fa0
0x00000090693fbf60:   00000090693fc070 00007ff8a68cd9cd
0x00000090693fbf70:   00000090693fe2b0 00000090693fc028
0x00000090693fbf80:   000001ce66471950 00000090693fc010
0x00000090693fbf90:   00000090693fbfa0 000001ce642587c0
0x00000090693fbfa0:   000001ce71133840 00007ff800000010
0x00000090693fbfb0:   000001ce72e75fd0 00007ff80000000a
0x00000090693fbfc0:   0000009000000200 000001ce7190d900
0x00000090693fbfd0:   000001ce00000200 000001ce71133840
0x00000090693fbfe0:   0000000000000000 00007ff8a6d4ad8f
0x00000090693fbff0:   000001ce66758070 000001ce6676b020
0x00000090693fc000:   000001ce66758080 000001ce71133840
0x00000090693fc010:   0000000000000051 0000019400000000
0x00000090693fc020:   000000000000001a 00007ff800000400
0x00000090693fc030:   000001ce7190e100 000001ce00000400
0x00000090693fc040:   000001ce71133840 000001ce71133840
0x00000090693fc050:   000001ce00000400 000001ce71911fc0
0x00000090693fc060:   000001ce00000356 00007ff8a6c97ca4
0x00000090693fc070:   0000000000000000 0000000000000000
0x00000090693fc080:   0000000000000000 0000000000000000
0x00000090693fc090:   000001ce72b68a60 0000000000000000 

Instructions: (pc=0x00007ff8a68cf5b2)
0x00007ff8a68cf4b2:   c8 41 83 e0 1f 48 8b 45 e7 48 8d 14 88 8b 04 88
0x00007ff8a68cf4c2:   44 0f b3 c0 89 02 48 8b 06 48 8b ce ff 90 90 00
0x00007ff8a68cf4d2:   00 00 48 8b c8 e8 04 02 f8 ff 8b 4e 2c 48 63 7e
0x00007ff8a68cf4e2:   18 83 e1 1f 48 63 d8 80 f9 1f 75 11 48 8b ce e8
0x00007ff8a68cf4f2:   aa 20 f8 ff 85 c0 74 05 41 b5 01 eb 03 45 32 ed
0x00007ff8a68cf502:   4c 8b fb 4c 8b e7 48 3b df 0f 8d 10 01 00 00 0f
0x00007ff8a68cf512:   1f 40 00 66 66 66 0f 1f 84 00 00 00 00 00 48 8b
0x00007ff8a68cf522:   46 08 4a 8b 3c f8 8b 47 2c 25 ff 01 00 00 3d 04
0x00007ff8a68cf532:   01 00 00 0f 85 da 00 00 00 41 b6 01 45 84 ed 75
0x00007ff8a68cf542:   46 33 c0 8b d8 39 47 20 76 3d 0f 1f 40 00 48 8b
0x00007ff8a68cf552:   47 10 8b cb 48 8b 0c c8 8b 41 2c 8b d0 83 e2 03
0x00007ff8a68cf562:   80 fa 03 75 13 83 e0 07 3c 07 75 0f 48 8b d6 e8
0x00007ff8a68cf572:   da 07 f8 ff 84 c0 74 03 45 32 f6 ff c3 3b 5f 20
0x00007ff8a68cf582:   72 cc 45 84 f6 74 7a 48 8b 47 08 48 8b 58 08 48
0x00007ff8a68cf592:   8b 46 08 4a 8b 0c f8 4e 8d 0c f8 48 85 c9 74 26
0x00007ff8a68cf5a2:   4c 8b 41 10 4d 85 c0 74 1d 8b 41 20 49 8d 14 c0
0x00007ff8a68cf5b2:   48 39 72 f8 48 8d 52 f8 75 f6 ff c8 89 41 20 49
0x00007ff8a68cf5c2:   8b 0c c0 48 89 0a 49 89 19 48 85 db 74 25 48 83
0x00007ff8a68cf5d2:   7b 10 00 74 1e 8b 53 20 3b 53 24 75 08 48 8b cb
0x00007ff8a68cf5e2:   e8 59 f1 45 00 8b 53 20 48 8b 43 10 48 89 34 d0
0x00007ff8a68cf5f2:   ff 43 20 48 8b 45 6f 80 38 00 75 05 e8 2d d9 6f
0x00007ff8a68cf602:   00 83 7f 20 00 75 0c 48 8b 55 5f 48 8b cf e8 7b
0x00007ff8a68cf612:   d7 45 00 49 ff c7 4d 3b fc 0f 8c ff fe ff ff 8b
0x00007ff8a68cf622:   4d d7 85 c9 0f 85 34 fe ff ff 48 81 c4 88 00 00
0x00007ff8a68cf632:   00 41 5f 41 5e 41 5d 41 5c 5f 5e 5b 5d c3 69 f3
0x00007ff8a68cf642:   24 00 8e f3 24 00 00 00 00 00 01 01 01 00 00 01
0x00007ff8a68cf652:   01 01 01 01 01 01 01 01 01 01 01 01 01 01 01 01
0x00007ff8a68cf662:   01 01 01 01 01 01 01 01 01 01 01 01 01 01 01 01
0x00007ff8a68cf672:   01 01 01 01 01 01 01 01 01 01 01 01 01 01 01 01
0x00007ff8a68cf682:   01 01 01 01 01 01 01 01 01 01 01 01 01 01 01 01
0x00007ff8a68cf692:   01 01 01 01 01 01 01 01 01 01 01 01 01 01 01 01
0x00007ff8a68cf6a2:   01 01 01 01 01 01 01 01 01 01 01 01 01 01 01 01 


Stack slot to memory mapping:

stack at sp + 0 slots: 0x000001ce6415acd0 points into unknown readable memory: 0x00007ff8a70f8d88 | 88 8d 0f a7 f8 7f 00 00
stack at sp + 1 slots: 0x00000090693fbf11 is pointing into the stack for thread: 0x000001ce640dba70
stack at sp + 2 slots: 0x000001ce6415e648 points into unknown readable memory: 0x00007ff8a70813e8 | e8 13 08 a7 f8 7f 00 00
stack at sp + 3 slots: 0x000001ce6415ad58 points into unknown readable memory: 0x00007ff8a7070200 | 00 02 07 a7 f8 7f 00 00
stack at sp + 4 slots: 0x00000090693fbfa0 is pointing into the stack for thread: 0x000001ce640dba70
stack at sp + 5 slots: 0x000001ce65189bb8 points into unknown readable memory: 0x00007ff8a7087cc0 | c0 7c 08 a7 f8 7f 00 00
stack at sp + 6 slots: 0x000001ce71133840 points into unknown readable memory: 0x0000000000000007 | 07 00 00 00 00 00 00 00
stack at sp + 7 slots: 0x0000009000000200 is an unknown value


---------------  P R O C E S S  ---------------

Threads class SMR info:
_java_thread_list=0x000001ce717f8530, length=96, elements={
0x000001ce0547c950, 0x000001ce630054c0, 0x000001ce1bf1cb10, 0x000001ce63005fb0,
0x000001ce63006b60, 0x000001ce63008920, 0x000001ce6300dd10, 0x000001ce6300b480,
0x000001ce6300ed10, 0x000001ce630d6ea0, 0x000001ce633535f0, 0x000001ce63edc9d0,
0x000001ce63db1aa0, 0x000001ce63d05e20, 0x000001ce63d06480, 0x000001ce63e1a4e0,
0x000001ce636a8820, 0x000001ce63b79600, 0x000001ce641f5020, 0x000001ce635973b0,
0x000001ce63593f30, 0x000001ce63596d20, 0x000001ce63595970, 0x000001ce63596000,
0x000001ce635945c0, 0x000001ce635952e0, 0x000001ce63596690, 0x000001ce63594c50,
0x000001ce644a59d0, 0x000001ce6449f760, 0x000001ce6449f0d0, 0x000001ce6449fdf0,
0x000001ce644a4cb0, 0x000001ce644a1830, 0x000001ce644a3f90, 0x000001ce644a0480,
0x000001ce644a6060, 0x000001ce644a1ec0, 0x000001ce644a0b10, 0x000001ce644a11a0,
0x000001ce644a2550, 0x000001ce644a2be0, 0x000001ce644a4620, 0x000001ce644a3900,
0x000001ce644a3270, 0x000001ce644a5340, 0x000001ce644a66f0, 0x000001ce70d40aa0,
0x000001ce70d43890, 0x000001ce70d43f20, 0x000001ce70d445b0, 0x000001ce70d3f6f0,
0x000001ce70d45960, 0x000001ce70d3f060, 0x000001ce70d44c40, 0x000001ce70d46680,
0x000001ce70d3fd80, 0x000001ce70d40410, 0x000001ce70d41e50, 0x000001ce70d41130,
0x000001ce70d42b70, 0x000001ce70d417c0, 0x000001ce70d424e0, 0x000001ce70d43200,
0x000001ce634fc890, 0x000001ce634ff680, 0x000001ce634fb4e0, 0x000001ce634fa7c0,
0x000001ce634fe2d0, 0x000001ce634fae50, 0x000001ce63500a30, 0x000001ce634fbb70,
0x000001ce634fa130, 0x000001ce634fcf20, 0x000001ce634fe960, 0x000001ce634fd5b0,
0x000001ce640dba70, 0x000001ce63ded370, 0x000001ce634feff0, 0x000001ce634fc200,
0x000001ce634ffd10, 0x000001ce635010c0, 0x000001ce670b36c0, 0x000001ce670b0f60,
0x000001ce670b15f0, 0x000001ce670b1c80, 0x000001ce670b2310, 0x000001ce670b29a0,
0x000001ce670b3030, 0x000001ce6601b330, 0x000001ce6601d400, 0x000001ce6601b9c0,
0x000001ce6601a610, 0x000001ce6601f4d0, 0x000001ce6601da90, 0x000001ce6601e7b0
}

Java Threads: ( => current thread )
  0x000001ce0547c950 JavaThread "main"                              [_thread_blocked, id=12428, stack(0x0000009067400000,0x0000009067500000) (1024K)]
  0x000001ce630054c0 JavaThread "Reference Handler"          daemon [_thread_blocked, id=12544, stack(0x0000009067900000,0x0000009067a00000) (1024K)]
  0x000001ce1bf1cb10 JavaThread "Finalizer"                  daemon [_thread_blocked, id=12548, stack(0x0000009067a00000,0x0000009067b00000) (1024K)]
  0x000001ce63005fb0 JavaThread "Signal Dispatcher"          daemon [_thread_blocked, id=12552, stack(0x0000009067b00000,0x0000009067c00000) (1024K)]
  0x000001ce63006b60 JavaThread "Attach Listener"            daemon [_thread_blocked, id=12556, stack(0x0000009067c00000,0x0000009067d00000) (1024K)]
  0x000001ce63008920 JavaThread "Service Thread"             daemon [_thread_blocked, id=12560, stack(0x0000009067d00000,0x0000009067e00000) (1024K)]
  0x000001ce6300dd10 JavaThread "Monitor Deflation Thread"   daemon [_thread_blocked, id=12564, stack(0x0000009067e00000,0x0000009067f00000) (1024K)]
  0x000001ce6300b480 JavaThread "C2 CompilerThread0"         daemon [_thread_in_native, id=12568, stack(0x0000009067f00000,0x0000009068000000) (1024K)]
  0x000001ce6300ed10 JavaThread "C1 CompilerThread0"         daemon [_thread_in_vm, id=12572, stack(0x0000009068000000,0x0000009068100000) (1024K)]
  0x000001ce630d6ea0 JavaThread "Common-Cleaner"             daemon [_thread_blocked, id=12452, stack(0x0000009068100000,0x0000009068200000) (1024K)]
  0x000001ce633535f0 JavaThread "Notification Thread"        daemon [_thread_blocked, id=10100, stack(0x0000009068300000,0x0000009068400000) (1024K)]
  0x000001ce63edc9d0 JavaThread "Active Thread: Equinox Container: 0285b710-79fb-45ff-b7f3-0d3ebc5bab83"        [_thread_blocked, id=13032, stack(0x0000009068b00000,0x0000009068c00000) (1024K)]
  0x000001ce63db1aa0 JavaThread "Refresh Thread: Equinox Container: 0285b710-79fb-45ff-b7f3-0d3ebc5bab83" daemon [_thread_blocked, id=13168, stack(0x0000009068200000,0x0000009068300000) (1024K)]
  0x000001ce63d05e20 JavaThread "Framework Event Dispatcher: Equinox Container: 0285b710-79fb-45ff-b7f3-0d3ebc5bab83" daemon [_thread_blocked, id=13120, stack(0x0000009068c00000,0x0000009068d00000) (1024K)]
  0x000001ce63d06480 JavaThread "Start Level: Equinox Container: 0285b710-79fb-45ff-b7f3-0d3ebc5bab83" daemon [_thread_blocked, id=13124, stack(0x0000009068d00000,0x0000009068e00000) (1024K)]
  0x000001ce63e1a4e0 JavaThread "Bundle File Closer"         daemon [_thread_blocked, id=8924, stack(0x0000009069100000,0x0000009069200000) (1024K)]
  0x000001ce636a8820 JavaThread "SCR Component Actor"        daemon [_thread_blocked, id=3572, stack(0x0000009069200000,0x0000009069300000) (1024K)]
  0x000001ce63b79600 JavaThread "Worker-JM"                         [_thread_blocked, id=1984, stack(0x0000009069400000,0x0000009069500000) (1024K)]
  0x000001ce641f5020 JavaThread "JNA Cleaner"                daemon [_thread_blocked, id=2652, stack(0x0000009069500000,0x0000009069600000) (1024K)]
  0x000001ce635973b0 JavaThread "Worker-0"                          [_thread_blocked, id=13324, stack(0x0000009069600000,0x0000009069700000) (1024K)]
  0x000001ce63593f30 JavaThread "Worker-1"                          [_thread_blocked, id=13332, stack(0x0000009069700000,0x0000009069800000) (1024K)]
  0x000001ce63596d20 JavaThread "Worker-2"                          [_thread_blocked, id=13380, stack(0x0000009069800000,0x0000009069900000) (1024K)]
  0x000001ce63595970 JavaThread "Java indexing"              daemon [_thread_blocked, id=13532, stack(0x0000009069a00000,0x0000009069b00000) (1024K)]
  0x000001ce63596000 JavaThread "Worker-3"                          [_thread_blocked, id=13568, stack(0x0000009069c00000,0x0000009069d00000) (1024K)]
  0x000001ce635945c0 JavaThread "Worker-4"                          [_thread_blocked, id=13572, stack(0x0000009069d00000,0x0000009069e00000) (1024K)]
  0x000001ce635952e0 JavaThread "Worker-5"                          [_thread_blocked, id=13596, stack(0x0000009069e00000,0x0000009069f00000) (1024K)]
  0x000001ce63596690 JavaThread "Worker-6"                          [_thread_blocked, id=13612, stack(0x0000009069f00000,0x000000906a000000) (1024K)]
  0x000001ce63594c50 JavaThread "Thread-1"                   daemon [_thread_in_native, id=13652, stack(0x000000906a000000,0x000000906a100000) (1024K)]
  0x000001ce644a59d0 JavaThread "Thread-2"                   daemon [_thread_in_native, id=13656, stack(0x000000906a100000,0x000000906a200000) (1024K)]
  0x000001ce6449f760 JavaThread "Thread-3"                   daemon [_thread_in_native, id=13660, stack(0x000000906a200000,0x000000906a300000) (1024K)]
  0x000001ce6449f0d0 JavaThread "Thread-4"                   daemon [_thread_in_native, id=13664, stack(0x000000906a300000,0x000000906a400000) (1024K)]
  0x000001ce6449fdf0 JavaThread "Thread-5"                   daemon [_thread_in_native, id=13668, stack(0x000000906a400000,0x000000906a500000) (1024K)]
  0x000001ce644a4cb0 JavaThread "Thread-6"                   daemon [_thread_in_native, id=13672, stack(0x000000906a500000,0x000000906a600000) (1024K)]
  0x000001ce644a1830 JavaThread "Thread-7"                   daemon [_thread_in_native, id=13676, stack(0x000000906a600000,0x000000906a700000) (1024K)]
  0x000001ce644a3f90 JavaThread "Thread-8"                   daemon [_thread_in_native, id=13680, stack(0x000000906a700000,0x000000906a800000) (1024K)]
  0x000001ce644a0480 JavaThread "Thread-9"                   daemon [_thread_in_native, id=13684, stack(0x000000906a800000,0x000000906a900000) (1024K)]
  0x000001ce644a6060 JavaThread "Thread-10"                  daemon [_thread_in_native, id=13688, stack(0x000000906a900000,0x000000906aa00000) (1024K)]
  0x000001ce644a1ec0 JavaThread "Thread-11"                  daemon [_thread_in_native, id=13692, stack(0x000000906aa00000,0x000000906ab00000) (1024K)]
  0x000001ce644a0b10 JavaThread "Thread-12"                  daemon [_thread_in_native, id=13696, stack(0x000000906ab00000,0x000000906ac00000) (1024K)]
  0x000001ce644a11a0 JavaThread "Thread-13"                  daemon [_thread_in_native, id=13700, stack(0x000000906ac00000,0x000000906ad00000) (1024K)]
  0x000001ce644a2550 JavaThread "pool-2-thread-1"                   [_thread_blocked, id=13712, stack(0x000000906ad00000,0x000000906ae00000) (1024K)]
  0x000001ce644a2be0 JavaThread "WorkspaceEventsHandler"            [_thread_blocked, id=13724, stack(0x000000906af00000,0x000000906b000000) (1024K)]
  0x000001ce644a4620 JavaThread "pool-1-thread-1"                   [_thread_in_Java, id=13728, stack(0x000000906b000000,0x000000906b100000) (1024K)]
  0x000001ce644a3900 JavaThread "LocalFile Deleter"          daemon [_thread_blocked, id=13732, stack(0x000000906b100000,0x000000906b200000) (1024K)]
  0x000001ce644a3270 JavaThread "LocalFile Deleter"          daemon [_thread_blocked, id=13736, stack(0x000000906b200000,0x000000906b300000) (1024K)]
  0x000001ce644a5340 JavaThread "LocalFile Deleter"          daemon [_thread_blocked, id=13740, stack(0x000000906b300000,0x000000906b400000) (1024K)]
  0x000001ce644a66f0 JavaThread "LocalFile Deleter"          daemon [_thread_blocked, id=13744, stack(0x000000906b400000,0x000000906b500000) (1024K)]
  0x000001ce70d40aa0 JavaThread "LocalFile Deleter"          daemon [_thread_blocked, id=13748, stack(0x000000906b500000,0x000000906b600000) (1024K)]
  0x000001ce70d43890 JavaThread "LocalFile Deleter"          daemon [_thread_blocked, id=13752, stack(0x000000906b600000,0x000000906b700000) (1024K)]
  0x000001ce70d43f20 JavaThread "LocalFile Deleter"          daemon [_thread_blocked, id=13756, stack(0x000000906b700000,0x000000906b800000) (1024K)]
  0x000001ce70d445b0 JavaThread "LocalFile Deleter"          daemon [_thread_blocked, id=13760, stack(0x000000906b800000,0x000000906b900000) (1024K)]
  0x000001ce70d3f6f0 JavaThread "LocalFile Deleter"          daemon [_thread_blocked, id=13764, stack(0x000000906b900000,0x000000906ba00000) (1024K)]
  0x000001ce70d45960 JavaThread "LocalFile Deleter"          daemon [_thread_blocked, id=13768, stack(0x000000906ba00000,0x000000906bb00000) (1024K)]
  0x000001ce70d3f060 JavaThread "LocalFile Deleter"          daemon [_thread_blocked, id=13772, stack(0x000000906bb00000,0x000000906bc00000) (1024K)]
  0x000001ce70d44c40 JavaThread "LocalFile Deleter"          daemon [_thread_blocked, id=13776, stack(0x000000906bc00000,0x000000906bd00000) (1024K)]
  0x000001ce70d46680 JavaThread "Compiler Source File Reader" daemon [_thread_blocked, id=13784, stack(0x000000906bd00000,0x000000906be00000) (1024K)]
  0x000001ce70d3fd80 JavaThread "Compiler Source File Reader" daemon [_thread_blocked, id=13788, stack(0x000000906be00000,0x000000906bf00000) (1024K)]
  0x000001ce70d40410 JavaThread "Compiler Source File Reader" daemon [_thread_blocked, id=13792, stack(0x000000906bf00000,0x000000906c000000) (1024K)]
  0x000001ce70d41e50 JavaThread "Compiler Source File Reader" daemon [_thread_blocked, id=13796, stack(0x000000906c000000,0x000000906c100000) (1024K)]
  0x000001ce70d41130 JavaThread "Compiler Source File Reader" daemon [_thread_blocked, id=13800, stack(0x000000906c100000,0x000000906c200000) (1024K)]
  0x000001ce70d42b70 JavaThread "Compiler Source File Reader" daemon [_thread_blocked, id=13804, stack(0x000000906c200000,0x000000906c300000) (1024K)]
  0x000001ce70d417c0 JavaThread "Compiler Source File Reader" daemon [_thread_blocked, id=13808, stack(0x000000906c300000,0x000000906c400000) (1024K)]
  0x000001ce70d424e0 JavaThread "Compiler Source File Reader" daemon [_thread_blocked, id=13812, stack(0x000000906c400000,0x000000906c500000) (1024K)]
  0x000001ce70d43200 JavaThread "Compiler Source File Reader" daemon [_thread_blocked, id=13816, stack(0x000000906c500000,0x000000906c600000) (1024K)]
  0x000001ce634fc890 JavaThread "Compiler Source File Reader" daemon [_thread_blocked, id=13820, stack(0x000000906c600000,0x000000906c700000) (1024K)]
  0x000001ce634ff680 JavaThread "Compiler Processing Task"   daemon [_thread_blocked, id=13880, stack(0x000000906c700000,0x000000906c800000) (1024K)]
  0x000001ce634fb4e0 JavaThread "Compiler Class File Writer" daemon [_thread_blocked, id=13892, stack(0x000000906c800000,0x000000906c900000) (1024K)]
  0x000001ce634fa7c0 JavaThread "Compiler Class File Writer" daemon [_thread_blocked, id=13896, stack(0x000000906c900000,0x000000906ca00000) (1024K)]
  0x000001ce634fe2d0 JavaThread "Compiler Class File Writer" daemon [_thread_blocked, id=13900, stack(0x000000906ca00000,0x000000906cb00000) (1024K)]
  0x000001ce634fae50 JavaThread "Compiler Class File Writer" daemon [_thread_blocked, id=13904, stack(0x000000906cb00000,0x000000906cc00000) (1024K)]
  0x000001ce63500a30 JavaThread "Compiler Class File Writer" daemon [_thread_blocked, id=13908, stack(0x000000906cc00000,0x000000906cd00000) (1024K)]
  0x000001ce634fbb70 JavaThread "Compiler Class File Writer" daemon [_thread_blocked, id=13912, stack(0x000000906cd00000,0x000000906ce00000) (1024K)]
  0x000001ce634fa130 JavaThread "Compiler Class File Writer" daemon [_thread_blocked, id=13916, stack(0x000000906ce00000,0x000000906cf00000) (1024K)]
  0x000001ce634fcf20 JavaThread "Compiler Class File Writer" daemon [_thread_blocked, id=13920, stack(0x000000906cf00000,0x000000906d000000) (1024K)]
  0x000001ce634fe960 JavaThread "Compiler Class File Writer" daemon [_thread_blocked, id=13924, stack(0x000000906d000000,0x000000906d100000) (1024K)]
  0x000001ce634fd5b0 JavaThread "Compiler Class File Writer" daemon [_thread_blocked, id=13928, stack(0x000000906d100000,0x000000906d200000) (1024K)]
=>0x000001ce640dba70 JavaThread "C2 CompilerThread1"         daemon [_thread_in_native, id=13984, stack(0x0000009069300000,0x0000009069400000) (1024K)]
  0x000001ce63ded370 JavaThread "C2 CompilerThread2"         daemon [_thread_in_native, id=14244, stack(0x0000009069900000,0x0000009069a00000) (1024K)]
  0x000001ce634feff0 JavaThread "ForkJoinPool.commonPool-worker-1" daemon [_thread_blocked, id=14248, stack(0x000000906d200000,0x000000906d300000) (1024K)]
  0x000001ce634fc200 JavaThread "ForkJoinPool.commonPool-worker-2" daemon [_thread_blocked, id=14252, stack(0x000000906d300000,0x000000906d400000) (1024K)]
  0x000001ce634ffd10 JavaThread "ForkJoinPool.commonPool-worker-3" daemon [_thread_blocked, id=14272, stack(0x000000906d400000,0x000000906d500000) (1024K)]
  0x000001ce635010c0 JavaThread "ForkJoinPool.commonPool-worker-4" daemon [_thread_blocked, id=14276, stack(0x000000906d500000,0x000000906d600000) (1024K)]
  0x000001ce670b36c0 JavaThread "ForkJoinPool.commonPool-worker-5" daemon [_thread_blocked, id=14320, stack(0x000000906d600000,0x000000906d700000) (1024K)]
  0x000001ce670b0f60 JavaThread "ForkJoinPool.commonPool-worker-6" daemon [_thread_blocked, id=14324, stack(0x000000906d700000,0x000000906d800000) (1024K)]
  0x000001ce670b15f0 JavaThread "ForkJoinPool.commonPool-worker-7" daemon [_thread_blocked, id=14328, stack(0x000000906d800000,0x000000906d900000) (1024K)]
  0x000001ce670b1c80 JavaThread "ForkJoinPool.commonPool-worker-8" daemon [_thread_blocked, id=14332, stack(0x000000906d900000,0x000000906da00000) (1024K)]
  0x000001ce670b2310 JavaThread "ForkJoinPool.commonPool-worker-9" daemon [_thread_in_Java, id=3004, stack(0x000000906da00000,0x000000906db00000) (1024K)]
  0x000001ce670b29a0 JavaThread "ForkJoinPool.commonPool-worker-10" daemon [_thread_blocked, id=3052, stack(0x000000906db00000,0x000000906dc00000) (1024K)]
  0x000001ce670b3030 JavaThread "ForkJoinPool.commonPool-worker-11" daemon [_thread_blocked, id=4380, stack(0x000000906dc00000,0x000000906dd00000) (1024K)]
  0x000001ce6601b330 JavaThread "Java Debug Server"          daemon [_thread_in_native, id=13476, stack(0x000000906de00000,0x000000906df00000) (1024K)]
  0x000001ce6601d400 JavaThread "pool-3-thread-1"                   [_thread_in_native, id=13868, stack(0x000000906dd00000,0x000000906de00000) (1024K)]
  0x000001ce6601b9c0 JavaThread "RxSchedulerPurge-1"         daemon [_thread_blocked, id=632, stack(0x000000906df00000,0x000000906e000000) (1024K)]
  0x000001ce6601a610 JavaThread "RxCachedWorkerPoolEvictor-1" daemon [_thread_blocked, id=12752, stack(0x000000906e000000,0x000000906e100000) (1024K)]
  0x000001ce6601f4d0 JavaThread "Cleaner-0"                  daemon [_thread_blocked, id=7988, stack(0x000000906e100000,0x000000906e200000) (1024K)]
  0x000001ce6601da90 JavaThread "RxNewThreadScheduler-1"     daemon [_thread_blocked, id=12388, stack(0x000000906e200000,0x000000906e300000) (1024K)]
  0x000001ce6601e7b0 JavaThread "RxNewThreadScheduler-2"     daemon [_thread_in_native, id=12396, stack(0x000000906e400000,0x000000906e500000) (1024K)]
Total: 96

Other Threads:
  0x000001ce1bf05870 VMThread "VM Thread"                           [id=12040, stack(0x0000009067800000,0x0000009067900000) (1024K)]
  0x000001ce054e7af0 WatcherThread "VM Periodic Task Thread"        [id=11632, stack(0x0000009067700000,0x0000009067800000) (1024K)]
  0x000001ce0549ad90 WorkerThread "GC Thread#0"                     [id=11664, stack(0x0000009067600000,0x0000009067700000) (1024K)]
  0x000001ce63aacb20 WorkerThread "GC Thread#1"                     [id=12860, stack(0x0000009068500000,0x0000009068600000) (1024K)]
  0x000001ce63ae12a0 WorkerThread "GC Thread#2"                     [id=12844, stack(0x0000009068600000,0x0000009068700000) (1024K)]
  0x000001ce6334f670 WorkerThread "GC Thread#3"                     [id=12864, stack(0x0000009068700000,0x0000009068800000) (1024K)]
  0x000001ce6334fa10 WorkerThread "GC Thread#4"                     [id=12884, stack(0x0000009068800000,0x0000009068900000) (1024K)]
  0x000001ce637ab090 WorkerThread "GC Thread#5"                     [id=12824, stack(0x0000009068900000,0x0000009068a00000) (1024K)]
  0x000001ce637ab430 WorkerThread "GC Thread#6"                     [id=12828, stack(0x0000009068a00000,0x0000009068b00000) (1024K)]
  0x000001ce63db2100 WorkerThread "GC Thread#7"                     [id=13176, stack(0x0000009068400000,0x0000009068500000) (1024K)]
  0x000001ce6406a960 WorkerThread "GC Thread#8"                     [id=12376, stack(0x0000009068f00000,0x0000009069000000) (1024K)]
  0x000001ce6412e2f0 WorkerThread "GC Thread#9"                     [id=12476, stack(0x0000009069000000,0x0000009069100000) (1024K)]
Total: 12

Threads with active compile tasks:
C2 CompilerThread0  21253 10788   !   4       jdk.internal.jrtfs.JrtPath::toUri (169 bytes)
C1 CompilerThread0  21254 11032   !   3       org.eclipse.jdt.core.dom.ASTConverter::$SWITCH_TABLE$org$eclipse$jdt$internal$compiler$parser$TerminalToken (2080 bytes)
C2 CompilerThread1  21254 10805       4       org.eclipse.jdt.internal.compiler.lookup.BinaryTypeBinding::createMethod (1666 bytes)
C2 CompilerThread2  21254 10856 % !   4       org.eclipse.jdt.internal.compiler.parser.Parser::parse @ 52 (946 bytes)
Total: 4

VM state: not at safepoint (normal execution)

VM Mutex/Monitor currently owned by a thread: None

Heap address: 0x0000000080000000, size: 2048 MB, Compressed Oops mode: 32-bit

CDS archive(s) mapped at: [0x000001ce1c000000-0x000001ce1cba0000-0x000001ce1cba0000), size 12189696, SharedBaseAddress: 0x000001ce1c000000, ArchiveRelocationMode: 1.
Compressed class space mapped at: 0x000001ce1d000000-0x000001ce5d000000, reserved size: 1073741824
Narrow klass base: 0x000001ce1c000000, Narrow klass shift: 0, Narrow klass range: 0x100000000

GC Precious Log:
 CardTable entry size: 512
 CPUs: 12 total, 12 available
 Memory: 16159M
 Large Page Support: Disabled
 NUMA Support: Disabled
 Compressed Oops: Enabled (32-bit)
 Alignments: Space 512K, Generation 512K, Heap 2M
 Heap Min Capacity: 100M
 Heap Initial Capacity: 100M
 Heap Max Capacity: 2G
 Pre-touch: Disabled
 Parallel Workers: 10

Heap:
 PSYoungGen      total 11776K, used 6752K [0x00000000d5580000, 0x00000000d6e00000, 0x0000000100000000)
  eden space 10240K, 50% used [0x00000000d5580000,0x00000000d5a98a78,0x00000000d5f80000)
  from space 1536K, 99% used [0x00000000d6600000,0x00000000d677f6e8,0x00000000d6780000)
  to   space 6656K, 0% used [0x00000000d5f80000,0x00000000d5f80000,0x00000000d6600000)
 ParOldGen       total 148992K, used 148572K [0x0000000080000000, 0x0000000089180000, 0x00000000d5580000)
  object space 148992K, 99% used [0x0000000080000000,0x00000000891170a0,0x0000000089180000)
 Metaspace       used 73238K, committed 74880K, reserved 1179648K
  class space    used 7823K, committed 8512K, reserved 1048576K

Card table byte_map: [0x000001ce04e20000,0x000001ce05230000] _byte_map_base: 0x000001ce04a20000

Marking Bits: (ParMarkBitMap*) 0x00007ff8a733a340
 Begin Bits: [0x000001ce17920000, 0x000001ce19920000)
 End Bits:   [0x000001ce19920000, 0x000001ce1b920000)

Polling page: 0x000001ce03320000

Metaspace:

Usage:
  Non-class:     63.88 MB used.
      Class:      7.64 MB used.
       Both:     71.52 MB used.

Virtual space:
  Non-class space:      128.00 MB reserved,      64.81 MB ( 51%) committed,  2 nodes.
      Class space:        1.00 GB reserved,       8.31 MB ( <1%) committed,  1 nodes.
             Both:        1.12 GB reserved,      73.12 MB (  6%) committed. 

Chunk freelists:
   Non-Class:  14.86 MB
       Class:  7.75 MB
        Both:  22.61 MB

MaxMetaspaceSize: unlimited
CompressedClassSpaceSize: 1.00 GB
Initial GC threshold: 21.00 MB
Current GC threshold: 97.31 MB
CDS: on
 - commit_granule_bytes: 65536.
 - commit_granule_words: 8192.
 - virtual_space_node_default_size: 8388608.
 - enlarge_chunks_in_place: 1.
 - use_allocation_guard: 0.


Internal statistics:

num_allocs_failed_limit: 9.
num_arena_births: 1198.
num_arena_deaths: 22.
num_vsnodes_births: 3.
num_vsnodes_deaths: 0.
num_space_committed: 1169.
num_space_uncommitted: 0.
num_chunks_returned_to_freelist: 35.
num_chunks_taken_from_freelist: 4711.
num_chunk_merges: 15.
num_chunk_splits: 2818.
num_chunks_enlarged: 1526.
num_inconsistent_stats: 0.

CodeHeap 'non-profiled nmethods': size=120000Kb used=6829Kb max_used=6829Kb free=113170Kb
 bounds [0x000001ce10140000, 0x000001ce107f0000, 0x000001ce17670000]
CodeHeap 'profiled nmethods': size=120000Kb used=24833Kb max_used=24833Kb free=95166Kb
 bounds [0x000001ce08670000, 0x000001ce09ec0000, 0x000001ce0fba0000]
CodeHeap 'non-nmethods': size=5760Kb used=1489Kb max_used=1619Kb free=4270Kb
 bounds [0x000001ce0fba0000, 0x000001ce0fe10000, 0x000001ce10140000]
CodeCache: size=245760Kb, used=33151Kb, max_used=33281Kb, free=212606Kb
 total_blobs=11049, nmethods=10231, adapters=722, full_count=0
Compilation: enabled, stopped_count=0, restarted_count=0

Compilation events (20 events):
Event: 21.143 Thread 0x000001ce6300ed10 nmethod 10920 0x000001ce09e4fa90 code [0x000001ce09e4fc40, 0x000001ce09e4fde0]
Event: 21.143 Thread 0x000001ce6300ed10 10921       3       org.eclipse.jdt.internal.core.JrtPackageFragmentRoot::equals (69 bytes)
Event: 21.143 Thread 0x000001ce6300ed10 nmethod 10921 0x000001ce09e4fe90 code [0x000001ce09e500a0, 0x000001ce09e50630]
Event: 21.144 Thread 0x000001ce6300ed10 10922       3       sun.nio.fs.WindowsPath::normalize (365 bytes)
Event: 21.145 Thread 0x000001ce6300ed10 nmethod 10922 0x000001ce09e50810 code [0x000001ce09e50d00, 0x000001ce09e53638]
Event: 21.146 Thread 0x000001ce6300ed10 10923       3       sun.nio.fs.WindowsPath::toAbsolutePath (5 bytes)
Event: 21.146 Thread 0x000001ce6300ed10 nmethod 10923 0x000001ce09e54510 code [0x000001ce09e546c0, 0x000001ce09e54880]
Event: 21.146 Thread 0x000001ce6300ed10 10924       3       org.eclipse.jdt.internal.core.util.Util::isExcluded (39 bytes)
Event: 21.146 Thread 0x000001ce6300ed10 nmethod 10924 0x000001ce09e54910 code [0x000001ce09e54b40, 0x000001ce09e551e8]
Event: 21.147 Thread 0x000001ce6300ed10 10925       3       org.eclipse.jdt.internal.compiler.ast.TypeDeclaration::updateSupertypesWithAnnotations (285 bytes)
Event: 21.148 Thread 0x000001ce6300ed10 nmethod 10925 0x000001ce09e55490 code [0x000001ce09e55760, 0x000001ce09e56988]
Event: 21.148 Thread 0x000001ce6300ed10 10928       3       org.eclipse.jdt.internal.compiler.ast.StringLiteral::<init> (13 bytes)
Event: 21.148 Thread 0x000001ce6300ed10 nmethod 10928 0x000001ce09e57010 code [0x000001ce09e571e0, 0x000001ce09e57568]
Event: 21.148 Thread 0x000001ce6300ed10 10926       3       org.eclipse.jdt.internal.compiler.parser.Scanner::getCurrentTokenSourceString (86 bytes)
Event: 21.149 Thread 0x000001ce6300ed10 nmethod 10926 0x000001ce09e57710 code [0x000001ce09e579e0, 0x000001ce09e585d8]
Event: 21.149 Thread 0x000001ce6300ed10 10927       3       org.eclipse.jdt.internal.compiler.parser.Parser::createStringLiteral (13 bytes)
Event: 21.149 Thread 0x000001ce6300ed10 nmethod 10927 0x000001ce09e58a10 code [0x000001ce09e58bc0, 0x000001ce09e58d80]
Event: 21.150 Thread 0x000001ce6300ed10 10929   !   3       org.eclipse.jdt.internal.core.JavaModelManager::getPerWorkingCopyInfo (142 bytes)
Event: 21.150 Thread 0x000001ce6300ed10 nmethod 10929 0x000001ce09e58e90 code [0x000001ce09e590e0, 0x000001ce09e59d10]
Event: 21.150 Thread 0x000001ce6300ed10 10930       3       lombok.eclipse.handlers.HandleFieldDefaults::visitType (428 bytes)

GC Heap History (20 events):
Event: 19.816 GC heap before
{Heap before GC invocations=51 (full 3):
 PSYoungGen      total 18432K, used 18243K [0x00000000d5580000, 0x00000000d6f00000, 0x0000000100000000)
  eden space 11776K, 99% used [0x00000000d5580000,0x00000000d60f4c68,0x00000000d6100000)
  from space 6656K, 97% used [0x00000000d6380000,0x00000000d69dc010,0x00000000d6a00000)
  to   space 5120K, 0% used [0x00000000d6a00000,0x00000000d6a00000,0x00000000d6f00000)
 ParOldGen       total 123904K, used 123714K [0x0000000080000000, 0x0000000087900000, 0x00000000d5580000)
  object space 123904K, 99% used [0x0000000080000000,0x00000000878d0ba8,0x0000000087900000)
 Metaspace       used 66470K, committed 67968K, reserved 1114112K
  class space    used 6993K, committed 7680K, reserved 1048576K
}
Event: 19.821 GC heap after
{Heap after GC invocations=51 (full 3):
 PSYoungGen      total 16384K, used 4130K [0x00000000d5580000, 0x00000000d6e80000, 0x0000000100000000)
  eden space 11776K, 0% used [0x00000000d5580000,0x00000000d5580000,0x00000000d6100000)
  from space 4608K, 89% used [0x00000000d6a00000,0x00000000d6e088d8,0x00000000d6e80000)
  to   space 5120K, 0% used [0x00000000d6480000,0x00000000d6480000,0x00000000d6980000)
 ParOldGen       total 130048K, used 129810K [0x0000000080000000, 0x0000000087f00000, 0x00000000d5580000)
  object space 130048K, 99% used [0x0000000080000000,0x0000000087ec4ba8,0x0000000087f00000)
 Metaspace       used 66470K, committed 67968K, reserved 1114112K
  class space    used 6993K, committed 7680K, reserved 1048576K
}
Event: 19.903 GC heap before
{Heap before GC invocations=52 (full 3):
 PSYoungGen      total 16384K, used 15906K [0x00000000d5580000, 0x00000000d6e80000, 0x0000000100000000)
  eden space 11776K, 100% used [0x00000000d5580000,0x00000000d6100000,0x00000000d6100000)
  from space 4608K, 89% used [0x00000000d6a00000,0x00000000d6e088d8,0x00000000d6e80000)
  to   space 5120K, 0% used [0x00000000d6480000,0x00000000d6480000,0x00000000d6980000)
 ParOldGen       total 130048K, used 129823K [0x0000000080000000, 0x0000000087f00000, 0x00000000d5580000)
  object space 130048K, 99% used [0x0000000080000000,0x0000000087ec7d48,0x0000000087f00000)
 Metaspace       used 67789K, committed 69312K, reserved 1114112K
  class space    used 7137K, committed 7808K, reserved 1048576K
}
Event: 19.907 GC heap after
{Heap after GC invocations=52 (full 3):
 PSYoungGen      total 12800K, used 976K [0x00000000d5580000, 0x00000000d6a80000, 0x0000000100000000)
  eden space 11776K, 0% used [0x00000000d5580000,0x00000000d5580000,0x00000000d6100000)
  from space 1024K, 95% used [0x00000000d6480000,0x00000000d6574010,0x00000000d6580000)
  to   space 2560K, 0% used [0x00000000d6800000,0x00000000d6800000,0x00000000d6a80000)
 ParOldGen       total 133120K, used 133086K [0x0000000080000000, 0x0000000088200000, 0x00000000d5580000)
  object space 133120K, 99% used [0x0000000080000000,0x00000000881f7928,0x0000000088200000)
 Metaspace       used 67789K, committed 69312K, reserved 1114112K
  class space    used 7137K, committed 7808K, reserved 1048576K
}
Event: 19.961 GC heap before
{Heap before GC invocations=53 (full 3):
 PSYoungGen      total 12800K, used 12752K [0x00000000d5580000, 0x00000000d6a80000, 0x0000000100000000)
  eden space 11776K, 100% used [0x00000000d5580000,0x00000000d6100000,0x00000000d6100000)
  from space 1024K, 95% used [0x00000000d6480000,0x00000000d6574010,0x00000000d6580000)
  to   space 2560K, 0% used [0x00000000d6800000,0x00000000d6800000,0x00000000d6a80000)
 ParOldGen       total 133120K, used 133096K [0x0000000080000000, 0x0000000088200000, 0x00000000d5580000)
  object space 133120K, 99% used [0x0000000080000000,0x00000000881fa3a0,0x0000000088200000)
 Metaspace       used 69087K, committed 70528K, reserved 1114112K
  class space    used 7333K, committed 7936K, reserved 1048576K
}
Event: 19.962 GC heap after
{Heap after GC invocations=53 (full 3):
 PSYoungGen      total 12288K, used 320K [0x00000000d5580000, 0x00000000d6880000, 0x0000000100000000)
  eden space 11776K, 0% used [0x00000000d5580000,0x00000000d5580000,0x00000000d6100000)
  from space 512K, 62% used [0x00000000d6800000,0x00000000d6850000,0x00000000d6880000)
  to   space 1024K, 0% used [0x00000000d6680000,0x00000000d6680000,0x00000000d6780000)
 ParOldGen       total 134144K, used 133989K [0x0000000080000000, 0x0000000088300000, 0x00000000d5580000)
  object space 134144K, 99% used [0x0000000080000000,0x00000000882d9798,0x0000000088300000)
 Metaspace       used 69087K, committed 70528K, reserved 1114112K
  class space    used 7333K, committed 7936K, reserved 1048576K
}
Event: 20.009 GC heap before
{Heap before GC invocations=54 (full 3):
 PSYoungGen      total 12288K, used 12096K [0x00000000d5580000, 0x00000000d6880000, 0x0000000100000000)
  eden space 11776K, 100% used [0x00000000d5580000,0x00000000d6100000,0x00000000d6100000)
  from space 512K, 62% used [0x00000000d6800000,0x00000000d6850000,0x00000000d6880000)
  to   space 1024K, 0% used [0x00000000d6680000,0x00000000d6680000,0x00000000d6780000)
 ParOldGen       total 134144K, used 133992K [0x0000000080000000, 0x0000000088300000, 0x00000000d5580000)
  object space 134144K, 99% used [0x0000000080000000,0x00000000882da278,0x0000000088300000)
 Metaspace       used 69813K, committed 71296K, reserved 1114112K
  class space    used 7436K, committed 8064K, reserved 1048576K
}
Event: 20.012 GC heap after
{Heap after GC invocations=54 (full 3):
 PSYoungGen      total 12800K, used 1019K [0x00000000d5580000, 0x00000000d6c00000, 0x0000000100000000)
  eden space 11776K, 0% used [0x00000000d5580000,0x00000000d5580000,0x00000000d6100000)
  from space 1024K, 99% used [0x00000000d6680000,0x00000000d677ef10,0x00000000d6780000)
  to   space 4608K, 0% used [0x00000000d6780000,0x00000000d6780000,0x00000000d6c00000)
 ParOldGen       total 137728K, used 137594K [0x0000000080000000, 0x0000000088680000, 0x00000000d5580000)
  object space 137728K, 99% used [0x0000000080000000,0x000000008865eb78,0x0000000088680000)
 Metaspace       used 69813K, committed 71296K, reserved 1114112K
  class space    used 7436K, committed 8064K, reserved 1048576K
}
Event: 20.078 GC heap before
{Heap before GC invocations=55 (full 3):
 PSYoungGen      total 12800K, used 12795K [0x00000000d5580000, 0x00000000d6c00000, 0x0000000100000000)
  eden space 11776K, 100% used [0x00000000d5580000,0x00000000d6100000,0x00000000d6100000)
  from space 1024K, 99% used [0x00000000d6680000,0x00000000d677ef10,0x00000000d6780000)
  to   space 4608K, 0% used [0x00000000d6780000,0x00000000d6780000,0x00000000d6c00000)
 ParOldGen       total 137728K, used 137594K [0x0000000080000000, 0x0000000088680000, 0x00000000d5580000)
  object space 137728K, 99% used [0x0000000080000000,0x000000008865eb78,0x0000000088680000)
 Metaspace       used 70888K, committed 72512K, reserved 1114112K
  class space    used 7592K, committed 8256K, reserved 1048576K
}
Event: 20.079 GC heap after
{Heap after GC invocations=55 (full 3):
 PSYoungGen      total 13312K, used 1195K [0x00000000d5580000, 0x00000000d6900000, 0x0000000100000000)
  eden space 11776K, 0% used [0x00000000d5580000,0x00000000d5580000,0x00000000d6100000)
  from space 1536K, 77% used [0x00000000d6780000,0x00000000d68aaf88,0x00000000d6900000)
  to   space 2560K, 0% used [0x00000000d6400000,0x00000000d6400000,0x00000000d6680000)
 ParOldGen       total 138752K, used 138502K [0x0000000080000000, 0x0000000088780000, 0x00000000d5580000)
  object space 138752K, 99% used [0x0000000080000000,0x0000000088741a88,0x0000000088780000)
 Metaspace       used 70888K, committed 72512K, reserved 1114112K
  class space    used 7592K, committed 8256K, reserved 1048576K
}
Event: 20.126 GC heap before
{Heap before GC invocations=56 (full 3):
 PSYoungGen      total 13312K, used 12971K [0x00000000d5580000, 0x00000000d6900000, 0x0000000100000000)
  eden space 11776K, 100% used [0x00000000d5580000,0x00000000d6100000,0x00000000d6100000)
  from space 1536K, 77% used [0x00000000d6780000,0x00000000d68aaf88,0x00000000d6900000)
  to   space 2560K, 0% used [0x00000000d6400000,0x00000000d6400000,0x00000000d6680000)
 ParOldGen       total 138752K, used 138502K [0x0000000080000000, 0x0000000088780000, 0x00000000d5580000)
  object space 138752K, 99% used [0x0000000080000000,0x0000000088741a88,0x0000000088780000)
 Metaspace       used 71548K, committed 73152K, reserved 1114112K
  class space    used 7666K, committed 8320K, reserved 1048576K
}
Event: 20.128 GC heap after
{Heap after GC invocations=56 (full 3):
 PSYoungGen      total 13824K, used 1872K [0x00000000d5580000, 0x00000000d6800000, 0x0000000100000000)
  eden space 11776K, 0% used [0x00000000d5580000,0x00000000d5580000,0x00000000d6100000)
  from space 2048K, 91% used [0x00000000d6400000,0x00000000d65d4370,0x00000000d6600000)
  to   space 2048K, 0% used [0x00000000d6600000,0x00000000d6600000,0x00000000d6800000)
 ParOldGen       total 139264K, used 138934K [0x0000000080000000, 0x0000000088800000, 0x00000000d5580000)
  object space 139264K, 99% used [0x0000000080000000,0x00000000887ada98,0x0000000088800000)
 Metaspace       used 71548K, committed 73152K, reserved 1114112K
  class space    used 7666K, committed 8320K, reserved 1048576K
}
Event: 20.210 GC heap before
{Heap before GC invocations=57 (full 3):
 PSYoungGen      total 13824K, used 13648K [0x00000000d5580000, 0x00000000d6800000, 0x0000000100000000)
  eden space 11776K, 100% used [0x00000000d5580000,0x00000000d6100000,0x00000000d6100000)
  from space 2048K, 91% used [0x00000000d6400000,0x00000000d65d4370,0x00000000d6600000)
  to   space 2048K, 0% used [0x00000000d6600000,0x00000000d6600000,0x00000000d6800000)
 ParOldGen       total 139264K, used 138934K [0x0000000080000000, 0x0000000088800000, 0x00000000d5580000)
  object space 139264K, 99% used [0x0000000080000000,0x00000000887ada98,0x0000000088800000)
 Metaspace       used 72205K, committed 73792K, reserved 1179648K
  class space    used 7730K, committed 8384K, reserved 1048576K
}
Event: 20.211 GC heap after
{Heap after GC invocations=57 (full 3):
 PSYoungGen      total 12800K, used 704K [0x00000000d5580000, 0x00000000d6700000, 0x0000000100000000)
  eden space 11776K, 0% used [0x00000000d5580000,0x00000000d5580000,0x00000000d6100000)
  from space 1024K, 68% used [0x00000000d6600000,0x00000000d66b0020,0x00000000d6700000)
  to   space 1536K, 0% used [0x00000000d6400000,0x00000000d6400000,0x00000000d6580000)
 ParOldGen       total 139776K, used 139326K [0x0000000080000000, 0x0000000088880000, 0x00000000d5580000)
  object space 139776K, 99% used [0x0000000080000000,0x000000008880faa8,0x0000000088880000)
 Metaspace       used 72205K, committed 73792K, reserved 1179648K
  class space    used 7730K, committed 8384K, reserved 1048576K
}
Event: 20.570 GC heap before
{Heap before GC invocations=58 (full 3):
 PSYoungGen      total 12800K, used 12472K [0x00000000d5580000, 0x00000000d6700000, 0x0000000100000000)
  eden space 11776K, 99% used [0x00000000d5580000,0x00000000d60fe110,0x00000000d6100000)
  from space 1024K, 68% used [0x00000000d6600000,0x00000000d66b0020,0x00000000d6700000)
  to   space 1536K, 0% used [0x00000000d6400000,0x00000000d6400000,0x00000000d6580000)
 ParOldGen       total 139776K, used 139326K [0x0000000080000000, 0x0000000088880000, 0x00000000d5580000)
  object space 139776K, 99% used [0x0000000080000000,0x000000008880faa8,0x0000000088880000)
 Metaspace       used 72309K, committed 73856K, reserved 1179648K
  class space    used 7736K, committed 8384K, reserved 1048576K
}
Event: 20.573 GC heap after
{Heap after GC invocations=58 (full 3):
 PSYoungGen      total 13312K, used 1531K [0x00000000d5580000, 0x00000000d6d00000, 0x0000000100000000)
  eden space 11776K, 0% used [0x00000000d5580000,0x00000000d5580000,0x00000000d6100000)
  from space 1536K, 99% used [0x00000000d6400000,0x00000000d657ef10,0x00000000d6580000)
  to   space 6144K, 0% used [0x00000000d6700000,0x00000000d6700000,0x00000000d6d00000)
 ParOldGen       total 142848K, used 142784K [0x0000000080000000, 0x0000000088b80000, 0x00000000d5580000)
  object space 142848K, 99% used [0x0000000080000000,0x0000000088b703d8,0x0000000088b80000)
 Metaspace       used 72309K, committed 73856K, reserved 1179648K
  class space    used 7736K, committed 8384K, reserved 1048576K
}
Event: 20.877 GC heap before
{Heap before GC invocations=59 (full 3):
 PSYoungGen      total 13312K, used 13307K [0x00000000d5580000, 0x00000000d6d00000, 0x0000000100000000)
  eden space 11776K, 99% used [0x00000000d5580000,0x00000000d60fffa0,0x00000000d6100000)
  from space 1536K, 99% used [0x00000000d6400000,0x00000000d657ef10,0x00000000d6580000)
  to   space 6144K, 0% used [0x00000000d6700000,0x00000000d6700000,0x00000000d6d00000)
 ParOldGen       total 142848K, used 142784K [0x0000000080000000, 0x0000000088b80000, 0x00000000d5580000)
  object space 142848K, 99% used [0x0000000080000000,0x0000000088b703d8,0x0000000088b80000)
 Metaspace       used 72655K, committed 74304K, reserved 1179648K
  class space    used 7769K, committed 8448K, reserved 1048576K
}
Event: 20.878 GC heap after
{Heap after GC invocations=59 (full 3):
 PSYoungGen      total 12288K, used 320K [0x00000000d5580000, 0x00000000d6780000, 0x0000000100000000)
  eden space 11776K, 0% used [0x00000000d5580000,0x00000000d5580000,0x00000000d6100000)
  from space 512K, 62% used [0x00000000d6700000,0x00000000d6750000,0x00000000d6780000)
  to   space 2048K, 0% used [0x00000000d6380000,0x00000000d6380000,0x00000000d6580000)
 ParOldGen       total 144384K, used 144217K [0x0000000080000000, 0x0000000088d00000, 0x00000000d5580000)
  object space 144384K, 99% used [0x0000000080000000,0x0000000088cd6698,0x0000000088d00000)
 Metaspace       used 72655K, committed 74304K, reserved 1179648K
  class space    used 7769K, committed 8448K, reserved 1048576K
}
Event: 21.059 GC heap before
{Heap before GC invocations=60 (full 3):
 PSYoungGen      total 12288K, used 11688K [0x00000000d5580000, 0x00000000d6780000, 0x0000000100000000)
  eden space 11776K, 96% used [0x00000000d5580000,0x00000000d609a3d0,0x00000000d6100000)
  from space 512K, 62% used [0x00000000d6700000,0x00000000d6750000,0x00000000d6780000)
  to   space 2048K, 0% used [0x00000000d6380000,0x00000000d6380000,0x00000000d6580000)
 ParOldGen       total 144384K, used 144217K [0x0000000080000000, 0x0000000088d00000, 0x00000000d5580000)
  object space 144384K, 99% used [0x0000000080000000,0x0000000088cd6698,0x0000000088d00000)
 Metaspace       used 72976K, committed 74560K, reserved 1179648K
  class space    used 7794K, committed 8448K, reserved 1048576K
}
Event: 21.061 GC heap after
{Heap after GC invocations=60 (full 3):
 PSYoungGen      total 13824K, used 962K [0x00000000d5580000, 0x00000000d6780000, 0x0000000100000000)
  eden space 11776K, 0% used [0x00000000d5580000,0x00000000d5580000,0x00000000d6100000)
  from space 2048K, 46% used [0x00000000d6380000,0x00000000d6470988,0x00000000d6580000)
  to   space 1536K, 0% used [0x00000000d6600000,0x00000000d6600000,0x00000000d6780000)
 ParOldGen       total 144896K, used 144409K [0x0000000080000000, 0x0000000088d80000, 0x00000000d5580000)
  object space 144896K, 99% used [0x0000000080000000,0x0000000088d06698,0x0000000088d80000)
 Metaspace       used 72976K, committed 74560K, reserved 1179648K
  class space    used 7794K, committed 8448K, reserved 1048576K
}

Dll operation events (12 events):
Event: 0.008 Loaded shared library c:\Users\yotermart\.vscode\extensions\redhat.java-1.47.0-win32-x64\jre\21.0.8-win32-x86_64\bin\java.dll
Event: 0.079 Loaded shared library c:\Users\yotermart\.vscode\extensions\redhat.java-1.47.0-win32-x64\jre\21.0.8-win32-x86_64\bin\zip.dll
Event: 0.095 Loaded shared library C:\Users\yotermart\.vscode\extensions\redhat.java-1.47.0-win32-x64\jre\21.0.8-win32-x86_64\bin\instrument.dll
Event: 0.099 Loaded shared library C:\Users\yotermart\.vscode\extensions\redhat.java-1.47.0-win32-x64\jre\21.0.8-win32-x86_64\bin\net.dll
Event: 0.100 Loaded shared library C:\Users\yotermart\.vscode\extensions\redhat.java-1.47.0-win32-x64\jre\21.0.8-win32-x86_64\bin\nio.dll
Event: 0.101 Loaded shared library C:\Users\yotermart\.vscode\extensions\redhat.java-1.47.0-win32-x64\jre\21.0.8-win32-x86_64\bin\zip.dll
Event: 0.112 Loaded shared library C:\Users\yotermart\.vscode\extensions\redhat.java-1.47.0-win32-x64\jre\21.0.8-win32-x86_64\bin\jimage.dll
Event: 0.170 Loaded shared library c:\Users\yotermart\.vscode\extensions\redhat.java-1.47.0-win32-x64\jre\21.0.8-win32-x86_64\bin\verify.dll
Event: 3.911 Loaded shared library C:\Users\yotermart\AppData\Roaming\Code\User\globalStorage\redhat.java\1.47.0\config_win\org.eclipse.equinox.launcher\org.eclipse.equinox.launcher.win32.win32.x86_64_1.2.1400.v20250801-0854\eclipse_11916.dll
Event: 11.917 Loaded shared library C:\Users\yotermart\AppData\Local\Temp\jna--903824735\jna8766088861670779682.dll
Event: 14.240 Loaded shared library C:\Users\yotermart\.vscode\extensions\redhat.java-1.47.0-win32-x64\jre\21.0.8-win32-x86_64\bin\sunmscapi.dll
Event: 14.644 Loaded shared library C:\Users\yotermart\.vscode\extensions\redhat.java-1.47.0-win32-x64\jre\21.0.8-win32-x86_64\bin\extnet.dll

Deoptimization events (20 events):
Event: 21.051 Thread 0x000001ce670b2310 DEOPT PACKING pc=0x000001ce10563e08 sp=0x000000906dafd850
Event: 21.051 Thread 0x000001ce670b2310 DEOPT UNPACKING pc=0x000001ce0fbf3aa2 sp=0x000000906dafd7e8 mode 2
Event: 21.070 Thread 0x000001ce670b2310 DEOPT PACKING pc=0x000001ce09e3193d sp=0x000000906dafd7f0
Event: 21.070 Thread 0x000001ce670b2310 DEOPT UNPACKING pc=0x000001ce0fbf4242 sp=0x000000906dafcd20 mode 0
Event: 21.071 Thread 0x000001ce670b2310 DEOPT PACKING pc=0x000001ce09e3193d sp=0x000000906dafd7f0
Event: 21.071 Thread 0x000001ce670b2310 DEOPT UNPACKING pc=0x000001ce0fbf4242 sp=0x000000906dafcd20 mode 0
Event: 21.073 Thread 0x000001ce670b2310 DEOPT PACKING pc=0x000001ce09e3193d sp=0x000000906dafd7f0
Event: 21.073 Thread 0x000001ce670b2310 DEOPT UNPACKING pc=0x000001ce0fbf4242 sp=0x000000906dafcd20 mode 0
Event: 21.074 Thread 0x000001ce670b2310 DEOPT PACKING pc=0x000001ce09e3193d sp=0x000000906dafd7f0
Event: 21.074 Thread 0x000001ce670b2310 DEOPT UNPACKING pc=0x000001ce0fbf4242 sp=0x000000906dafcd20 mode 0
Event: 21.079 Thread 0x000001ce670b2310 Uncommon trap: trap_request=0xffffff45 fr.pc=0x000001ce10630310 relative=0x0000000000000070
Event: 21.079 Thread 0x000001ce670b2310 Uncommon trap: reason=unstable_if action=reinterpret pc=0x000001ce10630310 method=java.lang.CharacterDataLatin1.isDigit(I)Z @ 3 c2
Event: 21.079 Thread 0x000001ce670b2310 DEOPT PACKING pc=0x000001ce10630310 sp=0x000000906dafd5a0
Event: 21.079 Thread 0x000001ce670b2310 DEOPT UNPACKING pc=0x000001ce0fbf3aa2 sp=0x000000906dafd518 mode 2
Event: 21.079 Thread 0x000001ce670b2310 Uncommon trap: trap_request=0xffffff45 fr.pc=0x000001ce1062d5d4 relative=0x00000000000007b4
Event: 21.079 Thread 0x000001ce670b2310 Uncommon trap: reason=unstable_if action=reinterpret pc=0x000001ce1062d5d4 method=org.eclipse.jdt.internal.core.util.Util.localTypeName(Ljava/lang/String;II)Ljava/lang/String; @ 1 c2
Event: 21.079 Thread 0x000001ce670b2310 DEOPT PACKING pc=0x000001ce1062d5d4 sp=0x000000906dafd580
Event: 21.079 Thread 0x000001ce670b2310 DEOPT UNPACKING pc=0x000001ce0fbf3aa2 sp=0x000000906dafd558 mode 2
Event: 21.144 Thread 0x000001ce670b2310 DEOPT PACKING pc=0x000001ce096f1969 sp=0x000000906dafde50
Event: 21.144 Thread 0x000001ce670b2310 DEOPT UNPACKING pc=0x000001ce0fbf4242 sp=0x000000906dafd370 mode 0

Classes loaded (20 events):
Event: 20.054 Loading class java/util/stream/SliceOps$1$1
Event: 20.054 Loading class java/util/stream/SliceOps$1$1 done
Event: 20.074 Loading class java/util/Timer
Event: 20.074 Loading class java/util/Timer done
Event: 20.074 Loading class java/util/TaskQueue
Event: 20.074 Loading class java/util/TaskQueue done
Event: 20.074 Loading class java/util/TimerThread
Event: 20.075 Loading class java/util/TimerThread done
Event: 20.075 Loading class java/util/Timer$ThreadReaper
Event: 20.075 Loading class java/util/Timer$ThreadReaper done
Event: 20.080 Loading class java/util/concurrent/CompletableFuture$UniWhenComplete
Event: 20.080 Loading class java/util/concurrent/CompletableFuture$UniWhenComplete done
Event: 20.080 Loading class java/util/concurrent/CompletableFuture$UniCompose
Event: 20.081 Loading class java/util/concurrent/CompletableFuture$UniCompose done
Event: 20.081 Loading class java/util/concurrent/CompletableFuture$UniRelay
Event: 20.081 Loading class java/util/concurrent/CompletableFuture$UniRelay done
Event: 20.586 Loading class java/nio/charset/CharacterCodingException
Event: 20.586 Loading class java/nio/charset/CharacterCodingException done
Event: 20.913 Loading class java/util/concurrent/ScheduledThreadPoolExecutor$DelayedWorkQueue$Itr
Event: 20.914 Loading class java/util/concurrent/ScheduledThreadPoolExecutor$DelayedWorkQueue$Itr done

Classes unloaded (11 events):
Event: 12.667 Thread 0x000001ce1bf05870 Unloading class 0x000001ce1d1aac00 'java/lang/invoke/LambdaForm$MH+0x000001ce1d1aac00'
Event: 12.667 Thread 0x000001ce1bf05870 Unloading class 0x000001ce1d1aa800 'java/lang/invoke/LambdaForm$MH+0x000001ce1d1aa800'
Event: 12.667 Thread 0x000001ce1bf05870 Unloading class 0x000001ce1d1aa400 'java/lang/invoke/LambdaForm$MH+0x000001ce1d1aa400'
Event: 12.667 Thread 0x000001ce1bf05870 Unloading class 0x000001ce1d1aa000 'java/lang/invoke/LambdaForm$MH+0x000001ce1d1aa000'
Event: 12.667 Thread 0x000001ce1bf05870 Unloading class 0x000001ce1d1a9c00 'java/lang/invoke/LambdaForm$BMH+0x000001ce1d1a9c00'
Event: 12.667 Thread 0x000001ce1bf05870 Unloading class 0x000001ce1d1a9800 'java/lang/invoke/LambdaForm$DMH+0x000001ce1d1a9800'
Event: 12.667 Thread 0x000001ce1bf05870 Unloading class 0x000001ce1d1a8400 'java/lang/invoke/LambdaForm$DMH+0x000001ce1d1a8400'
Event: 14.316 Thread 0x000001ce1bf05870 Unloading class 0x000001ce1d35c000 'java/lang/invoke/LambdaForm$MH+0x000001ce1d35c000'
Event: 14.316 Thread 0x000001ce1bf05870 Unloading class 0x000001ce1d35a400 'java/lang/invoke/LambdaForm$MH+0x000001ce1d35a400'
Event: 14.316 Thread 0x000001ce1bf05870 Unloading class 0x000001ce1d359c00 'java/lang/invoke/LambdaForm$MH+0x000001ce1d359c00'
Event: 14.316 Thread 0x000001ce1bf05870 Unloading class 0x000001ce1d359400 'java/lang/invoke/LambdaForm$MH+0x000001ce1d359400'

Classes redefined (0 events):
No events

Internal exceptions (20 events):
Event: 21.075 Thread 0x000001ce670b2310 Implicit null exception at 0x000001ce09b6771b to 0x000001ce09b67cd5
Event: 21.075 Thread 0x000001ce670b2310 Exception <a 'java/lang/NullPointerException'{0x00000000d58027f8}> (0x00000000d58027f8) 
thrown [s\src\hotspot\share\runtime\sharedRuntime.cpp, line 625]
Event: 21.077 Thread 0x000001ce670b2310 Implicit null exception at 0x000001ce09b6771b to 0x000001ce09b67cd5
Event: 21.077 Thread 0x000001ce670b2310 Exception <a 'java/lang/NullPointerException'{0x00000000d5804760}> (0x00000000d5804760) 
thrown [s\src\hotspot\share\runtime\sharedRuntime.cpp, line 625]
Event: 21.077 Thread 0x000001ce670b2310 Implicit null exception at 0x000001ce09b6771b to 0x000001ce09b67cd5
Event: 21.077 Thread 0x000001ce670b2310 Exception <a 'java/lang/NullPointerException'{0x00000000d5804f88}> (0x00000000d5804f88) 
thrown [s\src\hotspot\share\runtime\sharedRuntime.cpp, line 625]
Event: 21.077 Thread 0x000001ce670b2310 Implicit null exception at 0x000001ce09b6771b to 0x000001ce09b67cd5
Event: 21.077 Thread 0x000001ce670b2310 Exception <a 'java/lang/NullPointerException'{0x00000000d5805788}> (0x00000000d5805788) 
thrown [s\src\hotspot\share\runtime\sharedRuntime.cpp, line 625]
Event: 21.077 Thread 0x000001ce670b2310 Implicit null exception at 0x000001ce09b6771b to 0x000001ce09b67cd5
Event: 21.077 Thread 0x000001ce670b2310 Exception <a 'java/lang/NullPointerException'{0x00000000d5805f20}> (0x00000000d5805f20) 
thrown [s\src\hotspot\share\runtime\sharedRuntime.cpp, line 625]
Event: 21.147 Thread 0x000001ce670b2310 Implicit null exception at 0x000001ce09b6771b to 0x000001ce09b67cd5
Event: 21.147 Thread 0x000001ce670b2310 Exception <a 'java/lang/NullPointerException'{0x00000000d5b2efe0}> (0x00000000d5b2efe0) 
thrown [s\src\hotspot\share\runtime\sharedRuntime.cpp, line 625]
Event: 21.147 Thread 0x000001ce670b2310 Implicit null exception at 0x000001ce09b6771b to 0x000001ce09b67cd5
Event: 21.147 Thread 0x000001ce670b2310 Exception <a 'java/lang/NullPointerException'{0x00000000d5b2f8c0}> (0x00000000d5b2f8c0) 
thrown [s\src\hotspot\share\runtime\sharedRuntime.cpp, line 625]
Event: 21.150 Thread 0x000001ce670b2310 Implicit null exception at 0x000001ce09b6771b to 0x000001ce09b67cd5
Event: 21.150 Thread 0x000001ce670b2310 Exception <a 'java/lang/NullPointerException'{0x00000000d5b90350}> (0x00000000d5b90350) 
thrown [s\src\hotspot\share\runtime\sharedRuntime.cpp, line 625]
Event: 21.150 Thread 0x000001ce670b2310 Implicit null exception at 0x000001ce09b6771b to 0x000001ce09b67cd5
Event: 21.150 Thread 0x000001ce670b2310 Exception <a 'java/lang/NullPointerException'{0x00000000d5b90a68}> (0x00000000d5b90a68) 
thrown [s\src\hotspot\share\runtime\sharedRuntime.cpp, line 625]
Event: 21.150 Thread 0x000001ce670b2310 Implicit null exception at 0x000001ce09b6771b to 0x000001ce09b67cd5
Event: 21.150 Thread 0x000001ce670b2310 Exception <a 'java/lang/NullPointerException'{0x00000000d5b91178}> (0x00000000d5b91178) 
thrown [s\src\hotspot\share\runtime\sharedRuntime.cpp, line 625]

ZGC Phase Switch (0 events):
No events

VM Operations (20 events):
Event: 20.068 Executing VM operation: HandshakeAllThreads (Deoptimize)
Event: 20.068 Executing VM operation: HandshakeAllThreads (Deoptimize) done
Event: 20.073 Executing VM operation: HandshakeAllThreads (Deoptimize)
Event: 20.073 Executing VM operation: HandshakeAllThreads (Deoptimize) done
Event: 20.078 Executing VM operation: ParallelGCFailedAllocation (Allocation Failure)
Event: 20.079 Executing VM operation: ParallelGCFailedAllocation (Allocation Failure) done
Event: 20.126 Executing VM operation: ParallelGCFailedAllocation (Allocation Failure)
Event: 20.128 Executing VM operation: ParallelGCFailedAllocation (Allocation Failure) done
Event: 20.210 Executing VM operation: ParallelGCFailedAllocation (Allocation Failure)
Event: 20.211 Executing VM operation: ParallelGCFailedAllocation (Allocation Failure) done
Event: 20.569 Executing VM operation: ParallelGCFailedAllocation (Allocation Failure)
Event: 20.573 Executing VM operation: ParallelGCFailedAllocation (Allocation Failure) done
Event: 20.876 Executing VM operation: ParallelGCFailedAllocation (Allocation Failure)
Event: 20.878 Executing VM operation: ParallelGCFailedAllocation (Allocation Failure) done
Event: 21.037 Executing VM operation: HandshakeAllThreads (Deoptimize)
Event: 21.038 Executing VM operation: HandshakeAllThreads (Deoptimize) done
Event: 21.054 Executing VM operation: HandshakeAllThreads (Deoptimize)
Event: 21.054 Executing VM operation: HandshakeAllThreads (Deoptimize) done
Event: 21.058 Executing VM operation: ParallelGCFailedAllocation (Allocation Failure)
Event: 21.061 Executing VM operation: ParallelGCFailedAllocation (Allocation Failure) done

Memory protections (0 events):
No events

Nmethod flushes (20 events):
Event: 17.558 Thread 0x000001ce1bf05870 flushing  nmethod 0x000001ce08f03510
Event: 17.558 Thread 0x000001ce1bf05870 flushing  nmethod 0x000001ce08f0a810
Event: 17.558 Thread 0x000001ce1bf05870 flushing  nmethod 0x000001ce08f18d90
Event: 17.558 Thread 0x000001ce1bf05870 flushing  nmethod 0x000001ce08f1a690
Event: 17.558 Thread 0x000001ce1bf05870 flushing  nmethod 0x000001ce08f1ac90
Event: 17.558 Thread 0x000001ce1bf05870 flushing  nmethod 0x000001ce08f1ed90
Event: 17.558 Thread 0x000001ce1bf05870 flushing  nmethod 0x000001ce08f1f110
Event: 17.558 Thread 0x000001ce1bf05870 flushing  nmethod 0x000001ce08f22090
Event: 17.558 Thread 0x000001ce1bf05870 flushing  nmethod 0x000001ce08f74a90
Event: 17.558 Thread 0x000001ce1bf05870 flushing  nmethod 0x000001ce08f83a10
Event: 17.558 Thread 0x000001ce1bf05870 flushing  nmethod 0x000001ce08fbd890
Event: 17.558 Thread 0x000001ce1bf05870 flushing  nmethod 0x000001ce08fbe090
Event: 17.558 Thread 0x000001ce1bf05870 flushing  nmethod 0x000001ce08fbf610
Event: 17.558 Thread 0x000001ce1bf05870 flushing  nmethod 0x000001ce08fc3790
Event: 17.558 Thread 0x000001ce1bf05870 flushing  nmethod 0x000001ce08fc4a10
Event: 17.558 Thread 0x000001ce1bf05870 flushing  nmethod 0x000001ce08fea810
Event: 17.558 Thread 0x000001ce1bf05870 flushing  nmethod 0x000001ce08ffc510
Event: 17.558 Thread 0x000001ce1bf05870 flushing  nmethod 0x000001ce08fff810
Event: 17.558 Thread 0x000001ce1bf05870 flushing  nmethod 0x000001ce09006290
Event: 17.558 Thread 0x000001ce1bf05870 flushing  nmethod 0x000001ce0900c090

Events (20 events):
Event: 19.194 Thread 0x000001ce635952e0 Thread added: 0x000001ce634ffd10
Event: 19.197 Thread 0x000001ce634ffd10 Thread added: 0x000001ce635010c0
Event: 19.242 Thread 0x000001ce644a4620 Thread added: 0x000001ce670b36c0
Event: 19.246 Thread 0x000001ce670b36c0 Thread added: 0x000001ce670b0f60
Event: 19.246 Thread 0x000001ce634ffd10 Thread added: 0x000001ce670b15f0
Event: 19.248 Thread 0x000001ce670b15f0 Thread added: 0x000001ce670b1c80
Event: 19.249 Thread 0x000001ce670b0f60 Thread added: 0x000001ce670b2310
Event: 19.250 Thread 0x000001ce670b1c80 Thread added: 0x000001ce670b29a0
Event: 19.250 Thread 0x000001ce670b2310 Thread added: 0x000001ce670b3030
Event: 19.270 Thread 0x000001ce670b29a0 Thread added: 0x000001ce670b08d0
Event: 19.778 Thread 0x000001ce670b1c80 Thread added: 0x000001ce6601b330
Event: 19.781 Thread 0x000001ce670b08d0 Thread exited: 0x000001ce670b08d0
Event: 19.783 Thread 0x000001ce6601b330 Thread added: 0x000001ce6601d400
Event: 19.913 Thread 0x000001ce6601d400 Thread added: 0x000001ce6601b9c0
Event: 19.918 Thread 0x000001ce6601d400 Thread added: 0x000001ce6601a610
Event: 19.954 Thread 0x000001ce670b36c0 Thread added: 0x000001ce6601f4d0
Event: 20.025 Thread 0x000001ce6601d400 Thread added: 0x000001ce6601da90
Event: 20.075 Thread 0x000001ce6601da90 Thread added: 0x000001ce6601aca0
Event: 21.008 Thread 0x000001ce6601d400 Thread added: 0x000001ce6601e7b0
Event: 21.008 Thread 0x000001ce6601aca0 Thread exited: 0x000001ce6601aca0


Dynamic libraries:
0x00007ff703650000 - 0x00007ff70365e000 	c:\Users\yotermart\.vscode\extensions\redhat.java-1.47.0-win32-x64\jre\21.0.8-win32-x86_64\bin\java.exe
0x00007ff90bf30000 - 0x00007ff90c147000 	C:\Windows\SYSTEM32\ntdll.dll
0x00007ff909ef0000 - 0x00007ff909fb4000 	C:\Windows\System32\KERNEL32.DLL
0x00007ff909070000 - 0x00007ff909441000 	C:\Windows\System32\KERNELBASE.dll
0x00007ff909450000 - 0x00007ff909561000 	C:\Windows\System32\ucrtbase.dll
0x00007ff8d1730000 - 0x00007ff8d174e000 	c:\Users\yotermart\.vscode\extensions\redhat.java-1.47.0-win32-x64\jre\21.0.8-win32-x86_64\bin\VCRUNTIME140.dll
0x00007ff8d3aa0000 - 0x00007ff8d3ab8000 	c:\Users\yotermart\.vscode\extensions\redhat.java-1.47.0-win32-x64\jre\21.0.8-win32-x86_64\bin\jli.dll
0x00007ff90a0e0000 - 0x00007ff90a291000 	C:\Windows\System32\USER32.dll
0x00007ff909630000 - 0x00007ff909656000 	C:\Windows\System32\win32u.dll
0x00007ff8ddd20000 - 0x00007ff8ddfb2000 	C:\Windows\WinSxS\amd64_microsoft.windows.common-controls_6595b64144ccf1df_6.0.22621.4830_none_270fe7d773858e80\COMCTL32.dll
0x00007ff909ec0000 - 0x00007ff909ee9000 	C:\Windows\System32\GDI32.dll
0x00007ff909e10000 - 0x00007ff909eb7000 	C:\Windows\System32\msvcrt.dll
0x00007ff909690000 - 0x00007ff9097ab000 	C:\Windows\System32\gdi32full.dll
0x00007ff909a60000 - 0x00007ff909afa000 	C:\Windows\System32\msvcp_win.dll
0x00007ff90b0a0000 - 0x00007ff90b0d1000 	C:\Windows\System32\IMM32.DLL
0x00007ff8d7590000 - 0x00007ff8d759c000 	c:\Users\yotermart\.vscode\extensions\redhat.java-1.47.0-win32-x64\jre\21.0.8-win32-x86_64\bin\vcruntime140_1.dll
0x00007ff8a7420000 - 0x00007ff8a74ad000 	c:\Users\yotermart\.vscode\extensions\redhat.java-1.47.0-win32-x64\jre\21.0.8-win32-x86_64\bin\msvcp140.dll
0x00007ff8a6680000 - 0x00007ff8a7417000 	c:\Users\yotermart\.vscode\extensions\redhat.java-1.47.0-win32-x64\jre\21.0.8-win32-x86_64\bin\server\jvm.dll
0x00007ff90a4e0000 - 0x00007ff90a591000 	C:\Windows\System32\ADVAPI32.dll
0x00007ff90a3d0000 - 0x00007ff90a477000 	C:\Windows\System32\sechost.dll
0x00007ff909660000 - 0x00007ff909688000 	C:\Windows\System32\bcrypt.dll
0x00007ff909fc0000 - 0x00007ff90a0d4000 	C:\Windows\System32\RPCRT4.dll
0x00007ff90a6e0000 - 0x00007ff90a751000 	C:\Windows\System32\WS2_32.dll
0x00007ff908d90000 - 0x00007ff908ddd000 	C:\Windows\SYSTEM32\POWRPROF.dll
0x00007ff8f1550000 - 0x00007ff8f1584000 	C:\Windows\SYSTEM32\WINMM.dll
0x00007ff904dd0000 - 0x00007ff904dda000 	C:\Windows\SYSTEM32\VERSION.dll
0x00007ff908d70000 - 0x00007ff908d83000 	C:\Windows\SYSTEM32\UMPDC.dll
0x00007ff908060000 - 0x00007ff908078000 	C:\Windows\SYSTEM32\kernel.appcore.dll
0x00007ff8d60a0000 - 0x00007ff8d60aa000 	c:\Users\yotermart\.vscode\extensions\redhat.java-1.47.0-win32-x64\jre\21.0.8-win32-x86_64\bin\jimage.dll
0x00007ff8ee5c0000 - 0x00007ff8ee7f2000 	C:\Windows\SYSTEM32\DBGHELP.DLL
0x00007ff90b0e0000 - 0x00007ff90b470000 	C:\Windows\System32\combase.dll
0x00007ff90afc0000 - 0x00007ff90b097000 	C:\Windows\System32\OLEAUT32.dll
0x00007ff8e6770000 - 0x00007ff8e67a2000 	C:\Windows\SYSTEM32\dbgcore.DLL
0x00007ff909b00000 - 0x00007ff909b7b000 	C:\Windows\System32\bcryptPrimitives.dll
0x00007ff8d5e60000 - 0x00007ff8d5e6f000 	c:\Users\yotermart\.vscode\extensions\redhat.java-1.47.0-win32-x64\jre\21.0.8-win32-x86_64\bin\instrument.dll
0x00007ff8d1400000 - 0x00007ff8d141f000 	c:\Users\yotermart\.vscode\extensions\redhat.java-1.47.0-win32-x64\jre\21.0.8-win32-x86_64\bin\java.dll
0x00007ff90b4c0000 - 0x00007ff90bd48000 	C:\Windows\System32\SHELL32.dll
0x00007ff909920000 - 0x00007ff909a5f000 	C:\Windows\System32\wintypes.dll
0x00007ff906f00000 - 0x00007ff90780d000 	C:\Windows\SYSTEM32\windows.storage.dll
0x00007ff90a920000 - 0x00007ff90aa2a000 	C:\Windows\System32\SHCORE.dll
0x00007ff90a480000 - 0x00007ff90a4de000 	C:\Windows\System32\shlwapi.dll
0x00007ff908fa0000 - 0x00007ff908fcb000 	C:\Windows\SYSTEM32\profapi.dll
0x00007ff8a6630000 - 0x00007ff8a6648000 	c:\Users\yotermart\.vscode\extensions\redhat.java-1.47.0-win32-x64\jre\21.0.8-win32-x86_64\bin\zip.dll
0x00007ff8d53e0000 - 0x00007ff8d53f0000 	C:\Users\yotermart\.vscode\extensions\redhat.java-1.47.0-win32-x64\jre\21.0.8-win32-x86_64\bin\net.dll
0x00007ff904c80000 - 0x00007ff904dac000 	C:\Windows\SYSTEM32\WINHTTP.dll
0x00007ff908530000 - 0x00007ff90859a000 	C:\Windows\system32\mswsock.dll
0x00007ff8a6610000 - 0x00007ff8a6626000 	C:\Users\yotermart\.vscode\extensions\redhat.java-1.47.0-win32-x64\jre\21.0.8-win32-x86_64\bin\nio.dll
0x00007ff8d4b80000 - 0x00007ff8d4b90000 	c:\Users\yotermart\.vscode\extensions\redhat.java-1.47.0-win32-x64\jre\21.0.8-win32-x86_64\bin\verify.dll
0x00007ff8d42a0000 - 0x00007ff8d42e4000 	C:\Users\yotermart\AppData\Roaming\Code\User\globalStorage\redhat.java\1.47.0\config_win\org.eclipse.equinox.launcher\org.eclipse.equinox.launcher.win32.win32.x86_64_1.2.1400.v20250801-0854\eclipse_11916.dll
0x00007ff909c00000 - 0x00007ff909da1000 	C:\Windows\System32\ole32.dll
0x00007ff908790000 - 0x00007ff9087ab000 	C:\Windows\SYSTEM32\CRYPTSP.dll
0x00007ff908020000 - 0x00007ff908057000 	C:\Windows\system32\rsaenh.dll
0x00007ff908620000 - 0x00007ff908648000 	C:\Windows\SYSTEM32\USERENV.dll
0x00007ff908780000 - 0x00007ff90878c000 	C:\Windows\SYSTEM32\CRYPTBASE.dll
0x00007ff907960000 - 0x00007ff90798d000 	C:\Windows\SYSTEM32\IPHLPAPI.DLL
0x00007ff90a6b0000 - 0x00007ff90a6b9000 	C:\Windows\System32\NSI.dll
0x00007ff8a5a00000 - 0x00007ff8a5a49000 	C:\Users\yotermart\AppData\Local\Temp\jna--903824735\jna8766088861670779682.dll
0x00007ff90bed0000 - 0x00007ff90bed8000 	C:\Windows\System32\PSAPI.DLL
0x00007ff905ce0000 - 0x00007ff905cf9000 	C:\Windows\SYSTEM32\dhcpcsvc6.DLL
0x00007ff905ca0000 - 0x00007ff905cbf000 	C:\Windows\SYSTEM32\dhcpcsvc.DLL
0x00007ff8d2280000 - 0x00007ff8d228e000 	C:\Users\yotermart\.vscode\extensions\redhat.java-1.47.0-win32-x64\jre\21.0.8-win32-x86_64\bin\sunmscapi.dll
0x00007ff9097b0000 - 0x00007ff909916000 	C:\Windows\System32\CRYPT32.dll
0x00007ff908940000 - 0x00007ff90896d000 	C:\Windows\SYSTEM32\ncrypt.dll
0x00007ff908900000 - 0x00007ff908937000 	C:\Windows\SYSTEM32\NTASN1.dll
0x00007ff8d1d30000 - 0x00007ff8d1d39000 	C:\Users\yotermart\.vscode\extensions\redhat.java-1.47.0-win32-x64\jre\21.0.8-win32-x86_64\bin\extnet.dll

JVMTI agents:
c:\Users\yotermart\.vscode\extensions\redhat.java-1.47.0-win32-x64\lombok\lombok-1.18.39-4050.jar path:c:\Users\yotermart\.vscode\extensions\redhat.java-1.47.0-win32-x64\jre\21.0.8-win32-x86_64\bin\instrument.dll, loaded, initialized, instrumentlib options:none

dbghelp: loaded successfully - version: 4.0.5 - missing functions: none
symbol engine: initialized successfully - sym options: 0x614 - pdb path: .;c:\Users\yotermart\.vscode\extensions\redhat.java-1.47.0-win32-x64\jre\21.0.8-win32-x86_64\bin;C:\Windows\SYSTEM32;C:\Windows\WinSxS\amd64_microsoft.windows.common-controls_6595b64144ccf1df_6.0.22621.4830_none_270fe7d773858e80;c:\Users\yotermart\.vscode\extensions\redhat.java-1.47.0-win32-x64\jre\21.0.8-win32-x86_64\bin\server;C:\Users\yotermart\AppData\Roaming\Code\User\globalStorage\redhat.java\1.47.0\config_win\org.eclipse.equinox.launcher\org.eclipse.equinox.launcher.win32.win32.x86_64_1.2.1400.v20250801-0854;C:\Users\yotermart\AppData\Local\Temp\jna--903824735

VM Arguments:
jvm_args: --add-modules=ALL-SYSTEM --add-opens=java.base/java.util=ALL-UNNAMED --add-opens=java.base/java.lang=ALL-UNNAMED --add-opens=java.base/sun.nio.fs=ALL-UNNAMED -Declipse.application=org.eclipse.jdt.ls.core.id1 -Dosgi.bundles.defaultStartLevel=4 -Declipse.product=org.eclipse.jdt.ls.core.product -Djava.import.generatesMetadataFilesAtProjectRoot=false -DDetectVMInstallationsJob.disabled=true -Dfile.encoding=utf8 -XX:+UseParallelGC -XX:GCTimeRatio=4 -XX:AdaptiveSizePolicyWeight=90 -Dsun.zip.disableMemoryMapping=true -Xmx2G -Xms100m -Xlog:disable -javaagent:c:\Users\yotermart\.vscode\extensions\redhat.java-1.47.0-win32-x64\lombok\lombok-1.18.39-4050.jar -XX:+HeapDumpOnOutOfMemoryError -XX:HeapDumpPath=c:\Users\yotermart\AppData\Roaming\Code\User\workspaceStorage\fcb7b5ef4996d1626c3ae4fb1ab5788a\redhat.java -Daether.dependencyCollector.impl=bf 
java_command: c:\Users\yotermart\.vscode\extensions\redhat.java-1.47.0-win32-x64\server\plugins\org.eclipse.equinox.launcher_1.7.100.v20251014-1222.jar -configuration c:\Users\yotermart\AppData\Roaming\Code\User\globalStorage\redhat.java\1.47.0\config_win -data c:\Users\yotermart\AppData\Roaming\Code\User\workspaceStorage\fcb7b5ef4996d1626c3ae4fb1ab5788a\redhat.java\jdt_ws --pipe=\\.\pipe\lsp-f3d3a39f36dff7fad483622a839cf8c5-sock
java_class_path (initial): c:\Users\yotermart\.vscode\extensions\redhat.java-1.47.0-win32-x64\server\plugins\org.eclipse.equinox.launcher_1.7.100.v20251014-1222.jar
Launcher Type: SUN_STANDARD

[Global flags]
    uintx AdaptiveSizePolicyWeight                 = 90                                        {product} {command line}
     intx CICompilerCount                          = 4                                         {product} {ergonomic}
    uintx GCTimeRatio                              = 4                                         {product} {command line}
     bool HeapDumpOnOutOfMemoryError               = true                                   {manageable} {command line}
    ccstr HeapDumpPath                             = c:\Users\yotermart\AppData\Roaming\Code\User\workspaceStorage\fcb7b5ef4996d1626c3ae4fb1ab5788a\redhat.java         {manageable} {command line}
   size_t InitialHeapSize                          = 104857600                                 {product} {command line}
   size_t MaxHeapSize                              = 2147483648                                {product} {command line}
   size_t MaxNewSize                               = 715653120                                 {product} {ergonomic}
   size_t MinHeapDeltaBytes                        = 524288                                    {product} {ergonomic}
   size_t MinHeapSize                              = 104857600                                 {product} {command line}
   size_t NewSize                                  = 34603008                                  {product} {ergonomic}
    uintx NonNMethodCodeHeapSize                   = 5839372                                {pd product} {ergonomic}
    uintx NonProfiledCodeHeapSize                  = 122909434                              {pd product} {ergonomic}
   size_t OldSize                                  = 70254592                                  {product} {ergonomic}
    uintx ProfiledCodeHeapSize                     = 122909434                              {pd product} {ergonomic}
    uintx ReservedCodeCacheSize                    = 251658240                              {pd product} {ergonomic}
     bool SegmentedCodeCache                       = true                                      {product} {ergonomic}
   size_t SoftMaxHeapSize                          = 2147483648                             {manageable} {ergonomic}
     bool UseCompressedOops                        = true                           {product lp64_product} {ergonomic}
     bool UseLargePagesIndividualAllocation        = false                                  {pd product} {ergonomic}
     bool UseParallelGC                            = true                                      {product} {command line}

Logging:
Log output configuration:
 #0: stdout all=off uptime,level,tags foldmultilines=false
 #1: stderr all=off uptime,level,tags foldmultilines=false

Environment Variables:
JAVA_HOME=D:\yotermart\Programas\zulu21.44.17-ca-jdk21.0.8-win_x64
PATH=\\LAPAMAN\NETLOGON;C:\Windows\system32;C:\Windows;C:\Windows\System32\Wbem;C:\Windows\System32\WindowsPowerShell\v1.0\;C:\Windows\System32\OpenSSH\;C:\ProgramData\chocolatey\bin;C:\Program Files\Zabbix Agent;D:\yotermart\Programas\python\Scripts\;D:\yotermart\Programas\python\;C:\Users\yotermart\AppData\Local\Programs\Python\Launcher\;C:\Users\yotermart\AppData\Local\Microsoft\WindowsApps;D:\yotermart\Programas\Microsoft VS Code\bin;D:\yotermart\Programas\zulu21.44.17-ca-jdk21.0.8-win_x64\bin;D:\yotermart\Programas\zulu21.44.17-ca-jdk21.0.8-win_x64\bin;C:\Users\yotermart\AppData\Local\Programs\Git\cmd;D:\yotermart\Programas\zulu21.44.17-ca-fx-jdk21.0.8-win_x64\bin;
USERNAME=yotermart
OS=Windows_NT
PROCESSOR_IDENTIFIER=Intel64 Family 6 Model 165 Stepping 3, GenuineIntel
TMP=C:\Users\YOTERM~1\AppData\Local\Temp
TEMP=C:\Users\YOTERM~1\AppData\Local\Temp




Periodic native trim disabled

---------------  S Y S T E M  ---------------

OS:
 Windows 11 , 64 bit Build 22621 (10.0.22621.4974)
OS uptime: 0 days 0:02 hours

CPU: total 12 (initial active 12) (6 cores per cpu, 2 threads per core) family 6 model 165 stepping 3 microcode 0xfe, cx8, cmov, fxsr, ht, mmx, 3dnowpref, sse, sse2, sse3, ssse3, sse4.1, sse4.2, popcnt, lzcnt, tsc, tscinvbit, avx, avx2, aes, erms, clmul, bmi1, bmi2, adx, fma, vzeroupper, clflush, clflushopt, rdtscp, f16c
Processor Information for the first 12 processors :
  Max Mhz: 3096, Current Mhz: 3096, Mhz Limit: 3096

Memory: 4k page, system-wide physical 16159M (10337M free)
TotalPageFile size 17183M (AvailPageFile size 11174M)
current process WorkingSet (physical memory assigned to process): 416M, peak: 421M
current process commit charge ("private bytes"): 500M, peak: 500M

vm_info: OpenJDK 64-Bit Server VM (21.0.8+9-LTS) for windows-amd64 JRE (21.0.8+9-LTS), built on 2025-07-15T00:00:00Z by "admin" with MS VC++ 17.7 (VS2022)

END.
